5
5 3 4 2 1 5 3 4 2 1 5 3 4 2 1 5 3 4 2 2 5 3 4 2 1 5 3 4 2 1 5 3 4 2 1 5 3 4 2 1 5 3 4 2 2 5 3 4 2 1 5 3 4 2 1 5 3 4 2 1 5 3 4 2 1 5 3 4 2 1 5 3 4 2 1 5 3 4 2 1 5 3 4 1 1 5 3 4 1 1 5 3 4 1 1 5 3 4 2 1 5 3 4 2 1 5 3 4 2 2 5 3 4 2 1 5 3 4 2 1 5 3 4 2 1 5 3 4 2 1 5 3 4 2 2 5 3 4 2 1 5 3 4 2 1 5 3 4 2 1 5 3 4 2 1 5 3 4 2 1 5 3 4 2 1 5 3 4 2 1 5 3 4 2 1 5 3 4 2 1 5 3 4 2 1 5 3 4 2 1 5 3 4 2 1 5 3 4 1 2 5 3 4 1 1 5 3 4 2 1 5 3 4 2 1 5 3 4 2 1 5 3 4 2 2 5 3 4 2 1 5 3 4 2 1 5 3 4 2 1 5 3 4 2 1 5 3 4 2 1 5 3 4 2 1 5 3 4 2 1 5 3 4 2 1 5 3 4 2 1 5 3 4 2 1 5 3 4 2 1 5 3 4 2 1 5 3 4 2 2 5 3 4 2 1 5 3 4 2 1 5 3 4 2 1 5 3 4 1 1 5 3 4 1 2 5 3 4 1 1 5 3 4 2 1 5 3 4 2 1 5 3 4 2 1 5 3 4 2 1 5 3 4 2 1 5 3 4 2 1 5 3 4 2 1 5 3 4 2 1 5 3 4 2 1 5 3 4 2 1 5 3 4 2 1 5 3 4 2 2 5 3 4 2 1 5 3 4 2 1 5 3 4 2 1 5 3 4 2 1 5 3 4 2 2 5 3 4 2 1 5 3 4 2 1 5 3 4 2 1 5 3 4 1 1 5 3 4 1 1 5 3 4 2 1 5 3 4 2 1 5 3 4 2 1 5 3 4 2 1
